<UIView; frame = (0 0; 414 896); autoresize = W+H; layer = <CALayer>>
   | <SnapshotSharingSession.CustomTableView; baseClass = UITableView; frame = (0 0; 414 896); clipsToBounds = YES; gestureRecognizers = <NSArray>; layer = <CALayer>; contentOffset: {0, 0}; contentSize: {414, 2200}; adjustedContentInset: {0, 0, 0, 0}; dataSource: <SnapshotSharingSession.CustomTableView; baseClass = UITableView; frame = (0 0; 414 896); clipsToBounds = YES; gestureRecognizers = <NSArray>; layer = <CALayer>; contentOffset: {0, 0}; contentSize: {414, 2200}; adjustedContentInset: {0, 0, 0, 0}; dataSource: <SnapshotSharingSession.CustomTableView>>>
   |    | <UITableViewCell; frame = (0 880; 414 44); text = '20'; autoresize = W; layer = <CALayer>>
   |    |    | <UITableViewCellContentView; frame = (0 0; 414 44); gestureRecognizers = <NSArray>; layer = <CALayer>>
   |    |    |    | <UITableViewLabel; frame = (20 0; 386 44); text = '20'; userInteractionEnabled = NO; layer = <_UILabelLayer>>
   |    |    | <_UITableViewCellSeparatorView; frame = (20 43.5; 394 0.5); layer = <CALayer>>
   |    | <UITableViewCell; frame = (0 836; 414 44); text = '19'; autoresize = W; layer = <CALayer>>
   |    |    | <UITableViewCellContentView; frame = (0 0; 414 44); gestureRecognizers = <NSArray>; layer = <CALayer>>
   |    |    |    | <UITableViewLabel; frame = (20 0; 386 44); text = '19'; userInteractionEnabled = NO; layer = <_UILabelLayer>>
   |    |    | <_UITableViewCellSeparatorView; frame = (20 43.5; 394 0.5); layer = <CALayer>>
   |    | <UITableViewCell; frame = (0 792; 414 44); text = '18'; autoresize = W; layer = <CALayer>>
   |    |    | <UITableViewCellContentView; frame = (0 0; 414 44); gestureRecognizers = <NSArray>; layer = <CALayer>>
   |    |    |    | <UITableViewLabel; frame = (20 0; 386 44); text = '18'; userInteractionEnabled = NO; layer = <_UILabelLayer>>
   |    |    | <_UITableViewCellSeparatorView; frame = (20 43.5; 394 0.5); layer = <CALayer>>
   |    | <UITableViewCell; frame = (0 748; 414 44); text = '17'; autoresize = W; layer = <CALayer>>
   |    |    | <UITableViewCellContentView; frame = (0 0; 414 44); gestureRecognizers = <NSArray>; layer = <CALayer>>
   |    |    |    | <UITableViewLabel; frame = (20 0; 386 44); text = '17'; userInteractionEnabled = NO; layer = <_UILabelLayer>>
   |    |    | <_UITableViewCellSeparatorView; frame = (20 43.5; 394 0.5); layer = <CALayer>>
   |    | <UITableViewCell; frame = (0 704; 414 44); text = '16'; autoresize = W; layer = <CALayer>>
   |    |    | <UITableViewCellContentView; frame = (0 0; 414 44); gestureRecognizers = <NSArray>; layer = <CALayer>>
   |    |    |    | <UITableViewLabel; frame = (20 0; 386 44); text = '16'; userInteractionEnabled = NO; layer = <_UILabelLayer>>
   |    |    | <_UITableViewCellSeparatorView; frame = (20 43.5; 394 0.5); layer = <CALayer>>
   |    | <UITableViewCell; frame = (0 660; 414 44); text = '15'; autoresize = W; layer = <CALayer>>
   |    |    | <UITableViewCellContentView; frame = (0 0; 414 44); gestureRecognizers = <NSArray>; layer = <CALayer>>
   |    |    |    | <UITableViewLabel; frame = (20 0; 386 44); text = '15'; userInteractionEnabled = NO; layer = <_UILabelLayer>>
   |    |    | <_UITableViewCellSeparatorView; frame = (20 43.5; 394 0.5); layer = <CALayer>>
   |    | <UITableViewCell; frame = (0 616; 414 44); text = '14'; autoresize = W; layer = <CALayer>>
   |    |    | <UITableViewCellContentView; frame = (0 0; 414 44); gestureRecognizers = <NSArray>; layer = <CALayer>>
   |    |    |    | <UITableViewLabel; frame = (20 0; 386 44); text = '14'; userInteractionEnabled = NO; layer = <_UILabelLayer>>
   |    |    | <_UITableViewCellSeparatorView; frame = (20 43.5; 394 0.5); layer = <CALayer>>
   |    | <UITableViewCell; frame = (0 572; 414 44); text = '13'; autoresize = W; layer = <CALayer>>
   |    |    | <UITableViewCellContentView; frame = (0 0; 414 44); gestureRecognizers = <NSArray>; layer = <CALayer>>
   |    |    |    | <UITableViewLabel; frame = (20 0; 386 44); text = '13'; userInteractionEnabled = NO; layer = <_UILabelLayer>>
   |    |    | <_UITableViewCellSeparatorView; frame = (20 43.5; 394 0.5); layer = <CALayer>>
   |    | <UITableViewCell; frame = (0 528; 414 44); text = '12'; autoresize = W; layer = <CALayer>>
   |    |    | <UITableViewCellContentView; frame = (0 0; 414 44); gestureRecognizers = <NSArray>; layer = <CALayer>>
   |    |    |    | <UITableViewLabel; frame = (20 0; 386 44); text = '12'; userInteractionEnabled = NO; layer = <_UILabelLayer>>
   |    |    | <_UITableViewCellSeparatorView; frame = (20 43.5; 394 0.5); layer = <CALayer>>
   |    | <UITableViewCell; frame = (0 484; 414 44); text = '11'; autoresize = W; layer = <CALayer>>
   |    |    | <UITableViewCellContentView; frame = (0 0; 414 44); gestureRecognizers = <NSArray>; layer = <CALayer>>
   |    |    |    | <UITableViewLabel; frame = (20 0; 386 44); text = '11'; userInteractionEnabled = NO; layer = <_UILabelLayer>>
   |    |    | <_UITableViewCellSeparatorView; frame = (20 43.5; 394 0.5); layer = <CALayer>>
   |    | <UITableViewCell; frame = (0 440; 414 44); text = '10'; autoresize = W; layer = <CALayer>>
   |    |    | <UITableViewCellContentView; frame = (0 0; 414 44); gestureRecognizers = <NSArray>; layer = <CALayer>>
   |    |    |    | <UITableViewLabel; frame = (20 0; 386 44); text = '10'; userInteractionEnabled = NO; layer = <_UILabelLayer>>
   |    |    | <_UITableViewCellSeparatorView; frame = (20 43.5; 394 0.5); layer = <CALayer>>
   |    | <UITableViewCell; frame = (0 396; 414 44); text = '9'; autoresize = W; layer = <CALayer>>
   |    |    | <UITableViewCellContentView; frame = (0 0; 414 44); gestureRecognizers = <NSArray>; layer = <CALayer>>
   |    |    |    | <UITableViewLabel; frame = (20 0; 386 44); text = '9'; userInteractionEnabled = NO; layer = <_UILabelLayer>>
   |    |    | <_UITableViewCellSeparatorView; frame = (20 43.5; 394 0.5); layer = <CALayer>>
   |    | <UITableViewCell; frame = (0 352; 414 44); text = '8'; autoresize = W; layer = <CALayer>>
   |    |    | <UITableViewCellContentView; frame = (0 0; 414 44); gestureRecognizers = <NSArray>; layer = <CALayer>>
   |    |    |    | <UITableViewLabel; frame = (20 0; 386 44); text = '8'; userInteractionEnabled = NO; layer = <_UILabelLayer>>
   |    |    | <_UITableViewCellSeparatorView; frame = (20 43.5; 394 0.5); layer = <CALayer>>
   |    | <UITableViewCell; frame = (0 308; 414 44); text = '7'; autoresize = W; layer = <CALayer>>
   |    |    | <UITableViewCellContentView; frame = (0 0; 414 44); gestureRecognizers = <NSArray>; layer = <CALayer>>
   |    |    |    | <UITableViewLabel; frame = (20 0; 386 44); text = '7'; userInteractionEnabled = NO; layer = <_UILabelLayer>>
   |    |    | <_UITableViewCellSeparatorView; frame = (20 43.5; 394 0.5); layer = <CALayer>>
   |    | <UITableViewCell; frame = (0 264; 414 44); text = '6'; autoresize = W; layer = <CALayer>>
   |    |    | <UITableViewCellContentView; frame = (0 0; 414 44); gestureRecognizers = <NSArray>; layer = <CALayer>>
   |    |    |    | <UITableViewLabel; frame = (20 0; 386 44); text = '6'; userInteractionEnabled = NO; layer = <_UILabelLayer>>
   |    |    | <_UITableViewCellSeparatorView; frame = (20 43.5; 394 0.5); layer = <CALayer>>
   |    | <UITableViewCell; frame = (0 220; 414 44); text = '5'; autoresize = W; layer = <CALayer>>
   |    |    | <UITableViewCellContentView; frame = (0 0; 414 44); gestureRecognizers = <NSArray>; layer = <CALayer>>
   |    |    |    | <UITableViewLabel; frame = (20 0; 386 44); text = '5'; userInteractionEnabled = NO; layer = <_UILabelLayer>>
   |    |    | <_UITableViewCellSeparatorView; frame = (20 43.5; 394 0.5); layer = <CALayer>>
   |    | <UITableViewCell; frame = (0 176; 414 44); text = '4'; autoresize = W; layer = <CALayer>>
   |    |    | <UITableViewCellContentView; frame = (0 0; 414 44); gestureRecognizers = <NSArray>; layer = <CALayer>>
   |    |    |    | <UITableViewLabel; frame = (20 0; 386 44); text = '4'; userInteractionEnabled = NO; layer = <_UILabelLayer>>
   |    |    | <_UITableViewCellSeparatorView; frame = (20 43.5; 394 0.5); layer = <CALayer>>
   |    | <UITableViewCell; frame = (0 132; 414 44); text = '3'; autoresize = W; layer = <CALayer>>
   |    |    | <UITableViewCellContentView; frame = (0 0; 414 44); gestureRecognizers = <NSArray>; layer = <CALayer>>
   |    |    |    | <UITableViewLabel; frame = (20 0; 386 44); text = '3'; userInteractionEnabled = NO; layer = <_UILabelLayer>>
   |    |    | <_UITableViewCellSeparatorView; frame = (20 43.5; 394 0.5); layer = <CALayer>>
   |    | <UITableViewCell; frame = (0 88; 414 44); text = '2'; autoresize = W; layer = <CALayer>>
   |    |    | <UITableViewCellContentView; frame = (0 0; 414 44); gestureRecognizers = <NSArray>; layer = <CALayer>>
   |    |    |    | <UITableViewLabel; frame = (20 0; 386 44); text = '2'; userInteractionEnabled = NO; layer = <_UILabelLayer>>
   |    |    | <_UITableViewCellSeparatorView; frame = (20 43.5; 394 0.5); layer = <CALayer>>
   |    | <UITableViewCell; frame = (0 44; 414 44); text = '1'; autoresize = W; layer = <CALayer>>
   |    |    | <UITableViewCellContentView; frame = (0 0; 414 44); gestureRecognizers = <NSArray>; layer = <CALayer>>
   |    |    |    | <UITableViewLabel; frame = (20 0; 386 44); text = '1'; userInteractionEnabled = NO; layer = <_UILabelLayer>>
   |    |    | <_UITableViewCellSeparatorView; frame = (20 43.5; 394 0.5); layer = <CALayer>>
   |    | <UITableViewCell; frame = (0 0; 414 44); text = '0'; autoresize = W; layer = <CALayer>>
   |    |    | <UITableViewCellContentView; frame = (0 0; 414 44); gestureRecognizers = <NSArray>; layer = <CALayer>>
   |    |    |    | <UITableViewLabel; frame = (20 0; 386 44); text = '0'; userInteractionEnabled = NO; layer = <_UILabelLayer>>
   |    |    | <_UITableViewCellSeparatorView; frame = (20 43.5; 394 0.5); layer = <CALayer>>